85374 start 1785484397.3347709179 hooks pi session-start --workspace 38345A57-A311-4155-9312-E719DC747866 --surface A86E4FEB-5636-4F03-A663-12A8BF67ED9B
85374 end 1785484397.7880160809 0 hooks pi session-start --workspace 38345A57-A311-4155-9312-E719DC747866 --surface A86E4FEB-5636-4F03-A663-12A8BF67ED9B
85492 start 1785484397.8036639690 --json surface resume set --workspace 38345A57-A311-4155-9312-E719DC747866 --surface A86E4FEB-5636-4F03-A663-12A8BF67ED9B --name Pi --kind pi --checkpoint-id pi-rpc-all-1 --source agent-hook --cwd /Users/lawrence/fun/cmuxterm-hq/worktrees/feat-pi-extension-lag -- /Users/lawrence/.bun/bin/pi --session pi-rpc-all-1 --session-dir /Users/lawrence/fun/cmuxterm-hq/worktrees/feat-pi-extension-lag/out/perf-incident-20260731-004720/rpc-sessions
85492 end 1785484397.8318939209 0 --json surface resume set --workspace 38345A57-A311-4155-9312-E719DC747866 --surface A86E4FEB-5636-4F03-A663-12A8BF67ED9B --name Pi --kind pi --checkpoint-id pi-rpc-all-1 --source agent-hook --cwd /Users/lawrence/fun/cmuxterm-hq/worktrees/feat-pi-extension-lag -- /Users/lawrence/.bun/bin/pi --session pi-rpc-all-1 --session-dir /Users/lawrence/fun/cmuxterm-hq/worktrees/feat-pi-extension-lag/out/perf-incident-20260731-004720/rpc-sessions
85503 start 1785484397.8460659981 --json surface resume get --workspace 38345A57-A311-4155-9312-E719DC747866 --surface A86E4FEB-5636-4F03-A663-12A8BF67ED9B
85503 end 1785484397.8828859329 0 --json surface resume get --workspace 38345A57-A311-4155-9312-E719DC747866 --surface A86E4FEB-5636-4F03-A663-12A8BF67ED9B
85523 start 1785484397.9408390522 hooks pi prompt-submit --workspace 38345A57-A311-4155-9312-E719DC747866 --surface A86E4FEB-5636-4F03-A663-12A8BF67ED9B
85523 end 1785484398.4105379581 0 hooks pi prompt-submit --workspace 38345A57-A311-4155-9312-E719DC747866 --surface A86E4FEB-5636-4F03-A663-12A8BF67ED9B
85642 start 1785484398.4949901104 hooks pi notification --workspace 38345A57-A311-4155-9312-E719DC747866 --surface A86E4FEB-5636-4F03-A663-12A8BF67ED9B
85642 end 1785484398.7414851189 0 hooks pi notification --workspace 38345A57-A311-4155-9312-E719DC747866 --surface A86E4FEB-5636-4F03-A663-12A8BF67ED9B
85682 start 1785484398.7572100163 hooks pi stop --workspace 38345A57-A311-4155-9312-E719DC747866 --surface A86E4FEB-5636-4F03-A663-12A8BF67ED9B
85682 end 1785484399.4729459286 0 hooks pi stop --workspace 38345A57-A311-4155-9312-E719DC747866 --surface A86E4FEB-5636-4F03-A663-12A8BF67ED9B
85802 start 1785484399.4888920784 --json surface resume clear --workspace 38345A57-A311-4155-9312-E719DC747866 --surface A86E4FEB-5636-4F03-A663-12A8BF67ED9B --checkpoint-id pi-rpc-all-1 --source agent-hook
85802 end 1785484399.5163030624 0 --json surface resume clear --workspace 38345A57-A311-4155-9312-E719DC747866 --surface A86E4FEB-5636-4F03-A663-12A8BF67ED9B --checkpoint-id pi-rpc-all-1 --source agent-hook
86492 start 1785484402.9166378975 hooks pi session-start --workspace 38345A57-A311-4155-9312-E719DC747866 --surface A86E4FEB-5636-4F03-A663-12A8BF67ED9B
86492 end 1785484403.4023590088 0 hooks pi session-start --workspace 38345A57-A311-4155-9312-E719DC747866 --surface A86E4FEB-5636-4F03-A663-12A8BF67ED9B
86589 start 1785484403.4190249443 --json surface resume set --workspace 38345A57-A311-4155-9312-E719DC747866 --surface A86E4FEB-5636-4F03-A663-12A8BF67ED9B --name Pi --kind pi --checkpoint-id pi-rpc-all-2 --source agent-hook --cwd /Users/lawrence/fun/cmuxterm-hq/worktrees/feat-pi-extension-lag -- /Users/lawrence/.bun/bin/pi --session pi-rpc-all-2 --session-dir /Users/lawrence/fun/cmuxterm-hq/worktrees/feat-pi-extension-lag/out/perf-incident-20260731-004720/rpc-sessions
86589 end 1785484403.4462990761 0 --json surface resume set --workspace 38345A57-A311-4155-9312-E719DC747866 --surface A86E4FEB-5636-4F03-A663-12A8BF67ED9B --name Pi --kind pi --checkpoint-id pi-rpc-all-2 --source agent-hook --cwd /Users/lawrence/fun/cmuxterm-hq/worktrees/feat-pi-extension-lag -- /Users/lawrence/.bun/bin/pi --session pi-rpc-all-2 --session-dir /Users/lawrence/fun/cmuxterm-hq/worktrees/feat-pi-extension-lag/out/perf-incident-20260731-004720/rpc-sessions
86620 start 1785484403.4611909389 --json surface resume get --workspace 38345A57-A311-4155-9312-E719DC747866 --surface A86E4FEB-5636-4F03-A663-12A8BF67ED9B
86620 end 1785484403.4903390408 0 --json surface resume get --workspace 38345A57-A311-4155-9312-E719DC747866 --surface A86E4FEB-5636-4F03-A663-12A8BF67ED9B
86639 start 1785484403.5293018818 hooks pi prompt-submit --workspace 38345A57-A311-4155-9312-E719DC747866 --surface A86E4FEB-5636-4F03-A663-12A8BF67ED9B
86639 end 1785484403.9703490734 0 hooks pi prompt-submit --workspace 38345A57-A311-4155-9312-E719DC747866 --surface A86E4FEB-5636-4F03-A663-12A8BF67ED9B
86761 start 1785484404.0545389652 hooks pi notification --workspace 38345A57-A311-4155-9312-E719DC747866 --surface A86E4FEB-5636-4F03-A663-12A8BF67ED9B
86761 end 1785484404.3713688850 0 hooks pi notification --workspace 38345A57-A311-4155-9312-E719DC747866 --surface A86E4FEB-5636-4F03-A663-12A8BF67ED9B
86816 start 1785484404.3864660263 hooks pi stop --workspace 38345A57-A311-4155-9312-E719DC747866 --surface A86E4FEB-5636-4F03-A663-12A8BF67ED9B
86816 end 1785484404.9014580250 0 hooks pi stop --workspace 38345A57-A311-4155-9312-E719DC747866 --surface A86E4FEB-5636-4F03-A663-12A8BF67ED9B
86935 start 1785484404.9176518917 --json surface resume clear --workspace 38345A57-A311-4155-9312-E719DC747866 --surface A86E4FEB-5636-4F03-A663-12A8BF67ED9B --checkpoint-id pi-rpc-all-2 --source agent-hook
86935 end 1785484404.9700009823 0 --json surface resume clear --workspace 38345A57-A311-4155-9312-E719DC747866 --surface A86E4FEB-5636-4F03-A663-12A8BF67ED9B --checkpoint-id pi-rpc-all-2 --source agent-hook
87589 start 1785484408.4776079655 hooks pi session-start --workspace 38345A57-A311-4155-9312-E719DC747866 --surface A86E4FEB-5636-4F03-A663-12A8BF67ED9B
87589 end 1785484408.9219200611 0 hooks pi session-start --workspace 38345A57-A311-4155-9312-E719DC747866 --surface A86E4FEB-5636-4F03-A663-12A8BF67ED9B
87726 start 1785484408.9396400452 --json surface resume set --workspace 38345A57-A311-4155-9312-E719DC747866 --surface A86E4FEB-5636-4F03-A663-12A8BF67ED9B --name Pi --kind pi --checkpoint-id pi-rpc-all-3 --source agent-hook --cwd /Users/lawrence/fun/cmuxterm-hq/worktrees/feat-pi-extension-lag -- /Users/lawrence/.bun/bin/pi --session pi-rpc-all-3 --session-dir /Users/lawrence/fun/cmuxterm-hq/worktrees/feat-pi-extension-lag/out/perf-incident-20260731-004720/rpc-sessions
87726 end 1785484408.9678750038 0 --json surface resume set --workspace 38345A57-A311-4155-9312-E719DC747866 --surface A86E4FEB-5636-4F03-A663-12A8BF67ED9B --name Pi --kind pi --checkpoint-id pi-rpc-all-3 --source agent-hook --cwd /Users/lawrence/fun/cmuxterm-hq/worktrees/feat-pi-extension-lag -- /Users/lawrence/.bun/bin/pi --session pi-rpc-all-3 --session-dir /Users/lawrence/fun/cmuxterm-hq/worktrees/feat-pi-extension-lag/out/perf-incident-20260731-004720/rpc-sessions
87741 start 1785484408.9941010475 --json surface resume get --workspace 38345A57-A311-4155-9312-E719DC747866 --surface A86E4FEB-5636-4F03-A663-12A8BF67ED9B
87741 end 1785484409.0354559422 0 --json surface resume get --workspace 38345A57-A311-4155-9312-E719DC747866 --surface A86E4FEB-5636-4F03-A663-12A8BF67ED9B
87776 start 1785484409.0781650543 hooks pi prompt-submit --workspace 38345A57-A311-4155-9312-E719DC747866 --surface A86E4FEB-5636-4F03-A663-12A8BF67ED9B
87776 end 1785484409.5604040623 0 hooks pi prompt-submit --workspace 38345A57-A311-4155-9312-E719DC747866 --surface A86E4FEB-5636-4F03-A663-12A8BF67ED9B
87968 start 1785484409.6433351040 hooks pi notification --workspace 38345A57-A311-4155-9312-E719DC747866 --surface A86E4FEB-5636-4F03-A663-12A8BF67ED9B
87968 end 1785484409.8988358974 0 hooks pi notification --workspace 38345A57-A311-4155-9312-E719DC747866 --surface A86E4FEB-5636-4F03-A663-12A8BF67ED9B
88038 start 1785484409.9131100178 hooks pi stop --workspace 38345A57-A311-4155-9312-E719DC747866 --surface A86E4FEB-5636-4F03-A663-12A8BF67ED9B
88038 end 1785484410.4245131016 0 hooks pi stop --workspace 38345A57-A311-4155-9312-E719DC747866 --surface A86E4FEB-5636-4F03-A663-12A8BF67ED9B
88171 start 1785484410.4447569847 --json surface resume clear --workspace 38345A57-A311-4155-9312-E719DC747866 --surface A86E4FEB-5636-4F03-A663-12A8BF67ED9B --checkpoint-id pi-rpc-all-3 --source agent-hook
88171 end 1785484410.4768030643 0 --json surface resume clear --workspace 38345A57-A311-4155-9312-E719DC747866 --surface A86E4FEB-5636-4F03-A663-12A8BF67ED9B --checkpoint-id pi-rpc-all-3 --source agent-hook
89162 start 1785484414.2509210110 hooks pi session-start --workspace 38345A57-A311-4155-9312-E719DC747866 --surface A86E4FEB-5636-4F03-A663-12A8BF67ED9B
89162 end 1785484414.7091090679 0 hooks pi session-start --workspace 38345A57-A311-4155-9312-E719DC747866 --surface A86E4FEB-5636-4F03-A663-12A8BF67ED9B
89306 start 1785484414.7261629105 --json surface resume set --workspace 38345A57-A311-4155-9312-E719DC747866 --surface A86E4FEB-5636-4F03-A663-12A8BF67ED9B --name Pi --kind pi --checkpoint-id pi-rpc-all-4 --source agent-hook --cwd /Users/lawrence/fun/cmuxterm-hq/worktrees/feat-pi-extension-lag -- /Users/lawrence/.bun/bin/pi --session pi-rpc-all-4 --session-dir /Users/lawrence/fun/cmuxterm-hq/worktrees/feat-pi-extension-lag/out/perf-incident-20260731-004720/rpc-sessions
89306 end 1785484414.7542009354 0 --json surface resume set --workspace 38345A57-A311-4155-9312-E719DC747866 --surface A86E4FEB-5636-4F03-A663-12A8BF67ED9B --name Pi --kind pi --checkpoint-id pi-rpc-all-4 --source agent-hook --cwd /Users/lawrence/fun/cmuxterm-hq/worktrees/feat-pi-extension-lag -- /Users/lawrence/.bun/bin/pi --session pi-rpc-all-4 --session-dir /Users/lawrence/fun/cmuxterm-hq/worktrees/feat-pi-extension-lag/out/perf-incident-20260731-004720/rpc-sessions
89317 start 1785484414.7702319622 --json surface resume get --workspace 38345A57-A311-4155-9312-E719DC747866 --surface A86E4FEB-5636-4F03-A663-12A8BF67ED9B
89317 end 1785484414.8363320827 0 --json surface resume get --workspace 38345A57-A311-4155-9312-E719DC747866 --surface A86E4FEB-5636-4F03-A663-12A8BF67ED9B
89344 start 1785484414.8852779865 hooks pi prompt-submit --workspace 38345A57-A311-4155-9312-E719DC747866 --surface A86E4FEB-5636-4F03-A663-12A8BF67ED9B
89344 end 1785484415.3586730957 0 hooks pi prompt-submit --workspace 38345A57-A311-4155-9312-E719DC747866 --surface A86E4FEB-5636-4F03-A663-12A8BF67ED9B
89526 start 1785484415.4453160763 hooks pi notification --workspace 38345A57-A311-4155-9312-E719DC747866 --surface A86E4FEB-5636-4F03-A663-12A8BF67ED9B
89526 end 1785484415.7083420753 0 hooks pi notification --workspace 38345A57-A311-4155-9312-E719DC747866 --surface A86E4FEB-5636-4F03-A663-12A8BF67ED9B
89589 start 1785484415.7246150970 hooks pi stop --workspace 38345A57-A311-4155-9312-E719DC747866 --surface A86E4FEB-5636-4F03-A663-12A8BF67ED9B
89589 end 1785484416.2439160347 0 hooks pi stop --workspace 38345A57-A311-4155-9312-E719DC747866 --surface A86E4FEB-5636-4F03-A663-12A8BF67ED9B
89827 start 1785484416.2620329857 --json surface resume clear --workspace 38345A57-A311-4155-9312-E719DC747866 --surface A86E4FEB-5636-4F03-A663-12A8BF67ED9B --checkpoint-id pi-rpc-all-4 --source agent-hook
89827 end 1785484416.2914149761 0 --json surface resume clear --workspace 38345A57-A311-4155-9312-E719DC747866 --surface A86E4FEB-5636-4F03-A663-12A8BF67ED9B --checkpoint-id pi-rpc-all-4 --source agent-hook
90852 start 1785484419.9337179661 hooks pi session-start --workspace 38345A57-A311-4155-9312-E719DC747866 --surface A86E4FEB-5636-4F03-A663-12A8BF67ED9B
90852 end 1785484420.4300999641 0 hooks pi session-start --workspace 38345A57-A311-4155-9312-E719DC747866 --surface A86E4FEB-5636-4F03-A663-12A8BF67ED9B
91107 start 1785484420.4506709576 --json surface resume set --workspace 38345A57-A311-4155-9312-E719DC747866 --surface A86E4FEB-5636-4F03-A663-12A8BF67ED9B --name Pi --kind pi --checkpoint-id pi-rpc-all-5 --source agent-hook --cwd /Users/lawrence/fun/cmuxterm-hq/worktrees/feat-pi-extension-lag -- /Users/lawrence/.bun/bin/pi --session pi-rpc-all-5 --session-dir /Users/lawrence/fun/cmuxterm-hq/worktrees/feat-pi-extension-lag/out/perf-incident-20260731-004720/rpc-sessions
91107 end 1785484420.4770069122 0 --json surface resume set --workspace 38345A57-A311-4155-9312-E719DC747866 --surface A86E4FEB-5636-4F03-A663-12A8BF67ED9B --name Pi --kind pi --checkpoint-id pi-rpc-all-5 --source agent-hook --cwd /Users/lawrence/fun/cmuxterm-hq/worktrees/feat-pi-extension-lag -- /Users/lawrence/.bun/bin/pi --session pi-rpc-all-5 --session-dir /Users/lawrence/fun/cmuxterm-hq/worktrees/feat-pi-extension-lag/out/perf-incident-20260731-004720/rpc-sessions
91117 start 1785484420.4959890842 --json surface resume get --workspace 38345A57-A311-4155-9312-E719DC747866 --surface A86E4FEB-5636-4F03-A663-12A8BF67ED9B
91117 end 1785484420.5346550941 0 --json surface resume get --workspace 38345A57-A311-4155-9312-E719DC747866 --surface A86E4FEB-5636-4F03-A663-12A8BF67ED9B
91137 start 1785484420.5837800503 hooks pi prompt-submit --workspace 38345A57-A311-4155-9312-E719DC747866 --surface A86E4FEB-5636-4F03-A663-12A8BF67ED9B
91137 end 1785484421.0317840576 0 hooks pi prompt-submit --workspace 38345A57-A311-4155-9312-E719DC747866 --surface A86E4FEB-5636-4F03-A663-12A8BF67ED9B
91237 start 1785484421.1555440426 hooks pi notification --workspace 38345A57-A311-4155-9312-E719DC747866 --surface A86E4FEB-5636-4F03-A663-12A8BF67ED9B
91237 end 1785484421.4520199299 0 hooks pi notification --workspace 38345A57-A311-4155-9312-E719DC747866 --surface A86E4FEB-5636-4F03-A663-12A8BF67ED9B
91333 start 1785484421.4693779945 hooks pi stop --workspace 38345A57-A311-4155-9312-E719DC747866 --surface A86E4FEB-5636-4F03-A663-12A8BF67ED9B
91333 end 1785484422.2532401085 0 hooks pi stop --workspace 38345A57-A311-4155-9312-E719DC747866 --surface A86E4FEB-5636-4F03-A663-12A8BF67ED9B
91583 start 1785484422.2722079754 --json surface resume clear --workspace 38345A57-A311-4155-9312-E719DC747866 --surface A86E4FEB-5636-4F03-A663-12A8BF67ED9B --checkpoint-id pi-rpc-all-5 --source agent-hook
91583 end 1785484422.3623690605 0 --json surface resume clear --workspace 38345A57-A311-4155-9312-E719DC747866 --surface A86E4FEB-5636-4F03-A663-12A8BF67ED9B --checkpoint-id pi-rpc-all-5 --source agent-hook
