75221 start 1785484345.8509080410 hooks pi session-start --workspace 0FBCB01F-BA9C-4FA7-9F2B-B4FDDAC5DA62 --surface 49C5EED7-99F5-4BDB-8FEC-A43C4D0E818A
75221 end 1785484346.3292529583 0 hooks pi session-start --workspace 0FBCB01F-BA9C-4FA7-9F2B-B4FDDAC5DA62 --surface 49C5EED7-99F5-4BDB-8FEC-A43C4D0E818A
75322 start 1785484346.3467280865 --json surface resume set --workspace 0FBCB01F-BA9C-4FA7-9F2B-B4FDDAC5DA62 --surface 49C5EED7-99F5-4BDB-8FEC-A43C4D0E818A --name Pi --kind pi --checkpoint-id pi-rpc-cmux-only-1 --source agent-hook --cwd /Users/lawrence/fun/cmuxterm-hq/worktrees/feat-pi-extension-lag -- /Users/lawrence/.bun/bin/pi --session pi-rpc-cmux-only-1 -e /Users/lawrence/.pi/agent/extensions/cmux-session.ts --session-dir /Users/lawrence/fun/cmuxterm-hq/worktrees/feat-pi-extension-lag/out/perf-incident-20260731-004720/rpc-sessions
75322 end 1785484346.3749220371 0 --json surface resume set --workspace 0FBCB01F-BA9C-4FA7-9F2B-B4FDDAC5DA62 --surface 49C5EED7-99F5-4BDB-8FEC-A43C4D0E818A --name Pi --kind pi --checkpoint-id pi-rpc-cmux-only-1 --source agent-hook --cwd /Users/lawrence/fun/cmuxterm-hq/worktrees/feat-pi-extension-lag -- /Users/lawrence/.bun/bin/pi --session pi-rpc-cmux-only-1 -e /Users/lawrence/.pi/agent/extensions/cmux-session.ts --session-dir /Users/lawrence/fun/cmuxterm-hq/worktrees/feat-pi-extension-lag/out/perf-incident-20260731-004720/rpc-sessions
75332 start 1785484346.3903059959 --json surface resume get --workspace 0FBCB01F-BA9C-4FA7-9F2B-B4FDDAC5DA62 --surface 49C5EED7-99F5-4BDB-8FEC-A43C4D0E818A
75332 end 1785484346.4168429375 0 --json surface resume get --workspace 0FBCB01F-BA9C-4FA7-9F2B-B4FDDAC5DA62 --surface 49C5EED7-99F5-4BDB-8FEC-A43C4D0E818A
75344 start 1785484346.4348230362 hooks pi prompt-submit --workspace 0FBCB01F-BA9C-4FA7-9F2B-B4FDDAC5DA62 --surface 49C5EED7-99F5-4BDB-8FEC-A43C4D0E818A
75344 end 1785484346.9165558815 0 hooks pi prompt-submit --workspace 0FBCB01F-BA9C-4FA7-9F2B-B4FDDAC5DA62 --surface 49C5EED7-99F5-4BDB-8FEC-A43C4D0E818A
75508 start 1785484346.9558598995 hooks pi notification --workspace 0FBCB01F-BA9C-4FA7-9F2B-B4FDDAC5DA62 --surface 49C5EED7-99F5-4BDB-8FEC-A43C4D0E818A
75508 end 1785484347.2058479786 0 hooks pi notification --workspace 0FBCB01F-BA9C-4FA7-9F2B-B4FDDAC5DA62 --surface 49C5EED7-99F5-4BDB-8FEC-A43C4D0E818A
75577 start 1785484347.2236890793 hooks pi stop --workspace 0FBCB01F-BA9C-4FA7-9F2B-B4FDDAC5DA62 --surface 49C5EED7-99F5-4BDB-8FEC-A43C4D0E818A
75577 end 1785484347.6705210209 0 hooks pi stop --workspace 0FBCB01F-BA9C-4FA7-9F2B-B4FDDAC5DA62 --surface 49C5EED7-99F5-4BDB-8FEC-A43C4D0E818A
78430 start 1785484361.9380431175 --json surface resume clear --workspace 0FBCB01F-BA9C-4FA7-9F2B-B4FDDAC5DA62 --surface 49C5EED7-99F5-4BDB-8FEC-A43C4D0E818A --checkpoint-id pi-rpc-cmux-only-1 --source agent-hook
78430 end 1785484361.9742200375 0 --json surface resume clear --workspace 0FBCB01F-BA9C-4FA7-9F2B-B4FDDAC5DA62 --surface 49C5EED7-99F5-4BDB-8FEC-A43C4D0E818A --checkpoint-id pi-rpc-cmux-only-1 --source agent-hook
84847 start 1785484394.7970991135 hooks pi session-start --workspace 0FBCB01F-BA9C-4FA7-9F2B-B4FDDAC5DA62 --surface 49C5EED7-99F5-4BDB-8FEC-A43C4D0E818A
84847 end 1785484395.2568850517 0 hooks pi session-start --workspace 0FBCB01F-BA9C-4FA7-9F2B-B4FDDAC5DA62 --surface 49C5EED7-99F5-4BDB-8FEC-A43C4D0E818A
84983 start 1785484395.2727260590 --json surface resume set --workspace 0FBCB01F-BA9C-4FA7-9F2B-B4FDDAC5DA62 --surface 49C5EED7-99F5-4BDB-8FEC-A43C4D0E818A --name Pi --kind pi --checkpoint-id pi-rpc-cmux-only-1 --source agent-hook --cwd /Users/lawrence/fun/cmuxterm-hq/worktrees/feat-pi-extension-lag -- /Users/lawrence/.bun/bin/pi --session pi-rpc-cmux-only-1 -e /Users/lawrence/.pi/agent/extensions/cmux-session.ts --session-dir /Users/lawrence/fun/cmuxterm-hq/worktrees/feat-pi-extension-lag/out/perf-incident-20260731-004720/rpc-sessions
84983 end 1785484395.3109519482 0 --json surface resume set --workspace 0FBCB01F-BA9C-4FA7-9F2B-B4FDDAC5DA62 --surface 49C5EED7-99F5-4BDB-8FEC-A43C4D0E818A --name Pi --kind pi --checkpoint-id pi-rpc-cmux-only-1 --source agent-hook --cwd /Users/lawrence/fun/cmuxterm-hq/worktrees/feat-pi-extension-lag -- /Users/lawrence/.bun/bin/pi --session pi-rpc-cmux-only-1 -e /Users/lawrence/.pi/agent/extensions/cmux-session.ts --session-dir /Users/lawrence/fun/cmuxterm-hq/worktrees/feat-pi-extension-lag/out/perf-incident-20260731-004720/rpc-sessions
84999 start 1785484395.3266069889 --json surface resume get --workspace 0FBCB01F-BA9C-4FA7-9F2B-B4FDDAC5DA62 --surface 49C5EED7-99F5-4BDB-8FEC-A43C4D0E818A
84999 end 1785484395.3526918888 0 --json surface resume get --workspace 0FBCB01F-BA9C-4FA7-9F2B-B4FDDAC5DA62 --surface 49C5EED7-99F5-4BDB-8FEC-A43C4D0E818A
85010 start 1785484395.3699870110 hooks pi prompt-submit --workspace 0FBCB01F-BA9C-4FA7-9F2B-B4FDDAC5DA62 --surface 49C5EED7-99F5-4BDB-8FEC-A43C4D0E818A
85010 end 1785484395.8158829212 0 hooks pi prompt-submit --workspace 0FBCB01F-BA9C-4FA7-9F2B-B4FDDAC5DA62 --surface 49C5EED7-99F5-4BDB-8FEC-A43C4D0E818A
85074 start 1785484395.8536911011 hooks pi notification --workspace 0FBCB01F-BA9C-4FA7-9F2B-B4FDDAC5DA62 --surface 49C5EED7-99F5-4BDB-8FEC-A43C4D0E818A
85074 end 1785484396.1375029087 0 hooks pi notification --workspace 0FBCB01F-BA9C-4FA7-9F2B-B4FDDAC5DA62 --surface 49C5EED7-99F5-4BDB-8FEC-A43C4D0E818A
85142 start 1785484396.1549489498 hooks pi stop --workspace 0FBCB01F-BA9C-4FA7-9F2B-B4FDDAC5DA62 --surface 49C5EED7-99F5-4BDB-8FEC-A43C4D0E818A
85142 end 1785484396.8209290504 0 hooks pi stop --workspace 0FBCB01F-BA9C-4FA7-9F2B-B4FDDAC5DA62 --surface 49C5EED7-99F5-4BDB-8FEC-A43C4D0E818A
85284 start 1785484396.8373899460 --json surface resume clear --workspace 0FBCB01F-BA9C-4FA7-9F2B-B4FDDAC5DA62 --surface 49C5EED7-99F5-4BDB-8FEC-A43C4D0E818A --checkpoint-id pi-rpc-cmux-only-1 --source agent-hook
85284 end 1785484396.8659610748 0 --json surface resume clear --workspace 0FBCB01F-BA9C-4FA7-9F2B-B4FDDAC5DA62 --surface 49C5EED7-99F5-4BDB-8FEC-A43C4D0E818A --checkpoint-id pi-rpc-cmux-only-1 --source agent-hook
85932 start 1785484400.4451000690 hooks pi session-start --workspace 0FBCB01F-BA9C-4FA7-9F2B-B4FDDAC5DA62 --surface 49C5EED7-99F5-4BDB-8FEC-A43C4D0E818A
85932 end 1785484400.8904719353 0 hooks pi session-start --workspace 0FBCB01F-BA9C-4FA7-9F2B-B4FDDAC5DA62 --surface 49C5EED7-99F5-4BDB-8FEC-A43C4D0E818A
86015 start 1785484400.9069900513 --json surface resume set --workspace 0FBCB01F-BA9C-4FA7-9F2B-B4FDDAC5DA62 --surface 49C5EED7-99F5-4BDB-8FEC-A43C4D0E818A --name Pi --kind pi --checkpoint-id pi-rpc-cmux-only-2 --source agent-hook --cwd /Users/lawrence/fun/cmuxterm-hq/worktrees/feat-pi-extension-lag -- /Users/lawrence/.bun/bin/pi --session pi-rpc-cmux-only-2 -e /Users/lawrence/.pi/agent/extensions/cmux-session.ts --session-dir /Users/lawrence/fun/cmuxterm-hq/worktrees/feat-pi-extension-lag/out/perf-incident-20260731-004720/rpc-sessions
86015 end 1785484400.9347391129 0 --json surface resume set --workspace 0FBCB01F-BA9C-4FA7-9F2B-B4FDDAC5DA62 --surface 49C5EED7-99F5-4BDB-8FEC-A43C4D0E818A --name Pi --kind pi --checkpoint-id pi-rpc-cmux-only-2 --source agent-hook --cwd /Users/lawrence/fun/cmuxterm-hq/worktrees/feat-pi-extension-lag -- /Users/lawrence/.bun/bin/pi --session pi-rpc-cmux-only-2 -e /Users/lawrence/.pi/agent/extensions/cmux-session.ts --session-dir /Users/lawrence/fun/cmuxterm-hq/worktrees/feat-pi-extension-lag/out/perf-incident-20260731-004720/rpc-sessions
86026 start 1785484400.9494209290 --json surface resume get --workspace 0FBCB01F-BA9C-4FA7-9F2B-B4FDDAC5DA62 --surface 49C5EED7-99F5-4BDB-8FEC-A43C4D0E818A
86026 end 1785484400.9744939804 0 --json surface resume get --workspace 0FBCB01F-BA9C-4FA7-9F2B-B4FDDAC5DA62 --surface 49C5EED7-99F5-4BDB-8FEC-A43C4D0E818A
86037 start 1785484400.9908790588 hooks pi prompt-submit --workspace 0FBCB01F-BA9C-4FA7-9F2B-B4FDDAC5DA62 --surface 49C5EED7-99F5-4BDB-8FEC-A43C4D0E818A
86037 end 1785484401.4348189831 0 hooks pi prompt-submit --workspace 0FBCB01F-BA9C-4FA7-9F2B-B4FDDAC5DA62 --surface 49C5EED7-99F5-4BDB-8FEC-A43C4D0E818A
86176 start 1785484401.4664280415 hooks pi notification --workspace 0FBCB01F-BA9C-4FA7-9F2B-B4FDDAC5DA62 --surface 49C5EED7-99F5-4BDB-8FEC-A43C4D0E818A
86176 end 1785484401.7298860550 0 hooks pi notification --workspace 0FBCB01F-BA9C-4FA7-9F2B-B4FDDAC5DA62 --surface 49C5EED7-99F5-4BDB-8FEC-A43C4D0E818A
86240 start 1785484401.7457599640 hooks pi stop --workspace 0FBCB01F-BA9C-4FA7-9F2B-B4FDDAC5DA62 --surface 49C5EED7-99F5-4BDB-8FEC-A43C4D0E818A
86240 end 1785484402.3818130493 0 hooks pi stop --workspace 0FBCB01F-BA9C-4FA7-9F2B-B4FDDAC5DA62 --surface 49C5EED7-99F5-4BDB-8FEC-A43C4D0E818A
86364 start 1785484402.3987169266 --json surface resume clear --workspace 0FBCB01F-BA9C-4FA7-9F2B-B4FDDAC5DA62 --surface 49C5EED7-99F5-4BDB-8FEC-A43C4D0E818A --checkpoint-id pi-rpc-cmux-only-2 --source agent-hook
86364 end 1785484402.4328598976 0 --json surface resume clear --workspace 0FBCB01F-BA9C-4FA7-9F2B-B4FDDAC5DA62 --surface 49C5EED7-99F5-4BDB-8FEC-A43C4D0E818A --checkpoint-id pi-rpc-cmux-only-2 --source agent-hook
87100 start 1785484405.8785920143 hooks pi session-start --workspace 0FBCB01F-BA9C-4FA7-9F2B-B4FDDAC5DA62 --surface 49C5EED7-99F5-4BDB-8FEC-A43C4D0E818A
87100 end 1785484406.3307149410 0 hooks pi session-start --workspace 0FBCB01F-BA9C-4FA7-9F2B-B4FDDAC5DA62 --surface 49C5EED7-99F5-4BDB-8FEC-A43C4D0E818A
87190 start 1785484406.3470311165 --json surface resume set --workspace 0FBCB01F-BA9C-4FA7-9F2B-B4FDDAC5DA62 --surface 49C5EED7-99F5-4BDB-8FEC-A43C4D0E818A --name Pi --kind pi --checkpoint-id pi-rpc-cmux-only-3 --source agent-hook --cwd /Users/lawrence/fun/cmuxterm-hq/worktrees/feat-pi-extension-lag -- /Users/lawrence/.bun/bin/pi --session pi-rpc-cmux-only-3 -e /Users/lawrence/.pi/agent/extensions/cmux-session.ts --session-dir /Users/lawrence/fun/cmuxterm-hq/worktrees/feat-pi-extension-lag/out/perf-incident-20260731-004720/rpc-sessions
87190 end 1785484406.3966779709 0 --json surface resume set --workspace 0FBCB01F-BA9C-4FA7-9F2B-B4FDDAC5DA62 --surface 49C5EED7-99F5-4BDB-8FEC-A43C4D0E818A --name Pi --kind pi --checkpoint-id pi-rpc-cmux-only-3 --source agent-hook --cwd /Users/lawrence/fun/cmuxterm-hq/worktrees/feat-pi-extension-lag -- /Users/lawrence/.bun/bin/pi --session pi-rpc-cmux-only-3 -e /Users/lawrence/.pi/agent/extensions/cmux-session.ts --session-dir /Users/lawrence/fun/cmuxterm-hq/worktrees/feat-pi-extension-lag/out/perf-incident-20260731-004720/rpc-sessions
87203 start 1785484406.4116809368 --json surface resume get --workspace 0FBCB01F-BA9C-4FA7-9F2B-B4FDDAC5DA62 --surface 49C5EED7-99F5-4BDB-8FEC-A43C4D0E818A
87203 end 1785484406.4629440308 0 --json surface resume get --workspace 0FBCB01F-BA9C-4FA7-9F2B-B4FDDAC5DA62 --surface 49C5EED7-99F5-4BDB-8FEC-A43C4D0E818A
87216 start 1785484406.4797539711 hooks pi prompt-submit --workspace 0FBCB01F-BA9C-4FA7-9F2B-B4FDDAC5DA62 --surface 49C5EED7-99F5-4BDB-8FEC-A43C4D0E818A
87216 end 1785484406.9473910332 0 hooks pi prompt-submit --workspace 0FBCB01F-BA9C-4FA7-9F2B-B4FDDAC5DA62 --surface 49C5EED7-99F5-4BDB-8FEC-A43C4D0E818A
87297 start 1785484406.9835290909 hooks pi notification --workspace 0FBCB01F-BA9C-4FA7-9F2B-B4FDDAC5DA62 --surface 49C5EED7-99F5-4BDB-8FEC-A43C4D0E818A
87297 end 1785484407.2643609047 0 hooks pi notification --workspace 0FBCB01F-BA9C-4FA7-9F2B-B4FDDAC5DA62 --surface 49C5EED7-99F5-4BDB-8FEC-A43C4D0E818A
87377 start 1785484407.2790949345 hooks pi stop --workspace 0FBCB01F-BA9C-4FA7-9F2B-B4FDDAC5DA62 --surface 49C5EED7-99F5-4BDB-8FEC-A43C4D0E818A
87377 end 1785484407.9684040546 0 hooks pi stop --workspace 0FBCB01F-BA9C-4FA7-9F2B-B4FDDAC5DA62 --surface 49C5EED7-99F5-4BDB-8FEC-A43C4D0E818A
87497 start 1785484407.9827029705 --json surface resume clear --workspace 0FBCB01F-BA9C-4FA7-9F2B-B4FDDAC5DA62 --surface 49C5EED7-99F5-4BDB-8FEC-A43C4D0E818A --checkpoint-id pi-rpc-cmux-only-3 --source agent-hook
87497 end 1785484408.0098009109 0 --json surface resume clear --workspace 0FBCB01F-BA9C-4FA7-9F2B-B4FDDAC5DA62 --surface 49C5EED7-99F5-4BDB-8FEC-A43C4D0E818A --checkpoint-id pi-rpc-cmux-only-3 --source agent-hook
88394 start 1785484411.4827449322 hooks pi session-start --workspace 0FBCB01F-BA9C-4FA7-9F2B-B4FDDAC5DA62 --surface 49C5EED7-99F5-4BDB-8FEC-A43C4D0E818A
88394 end 1785484411.9534070492 0 hooks pi session-start --workspace 0FBCB01F-BA9C-4FA7-9F2B-B4FDDAC5DA62 --surface 49C5EED7-99F5-4BDB-8FEC-A43C4D0E818A
88521 start 1785484411.9689710140 --json surface resume set --workspace 0FBCB01F-BA9C-4FA7-9F2B-B4FDDAC5DA62 --surface 49C5EED7-99F5-4BDB-8FEC-A43C4D0E818A --name Pi --kind pi --checkpoint-id pi-rpc-cmux-only-4 --source agent-hook --cwd /Users/lawrence/fun/cmuxterm-hq/worktrees/feat-pi-extension-lag -- /Users/lawrence/.bun/bin/pi --session pi-rpc-cmux-only-4 -e /Users/lawrence/.pi/agent/extensions/cmux-session.ts --session-dir /Users/lawrence/fun/cmuxterm-hq/worktrees/feat-pi-extension-lag/out/perf-incident-20260731-004720/rpc-sessions
88521 end 1785484412.0119800568 0 --json surface resume set --workspace 0FBCB01F-BA9C-4FA7-9F2B-B4FDDAC5DA62 --surface 49C5EED7-99F5-4BDB-8FEC-A43C4D0E818A --name Pi --kind pi --checkpoint-id pi-rpc-cmux-only-4 --source agent-hook --cwd /Users/lawrence/fun/cmuxterm-hq/worktrees/feat-pi-extension-lag -- /Users/lawrence/.bun/bin/pi --session pi-rpc-cmux-only-4 -e /Users/lawrence/.pi/agent/extensions/cmux-session.ts --session-dir /Users/lawrence/fun/cmuxterm-hq/worktrees/feat-pi-extension-lag/out/perf-incident-20260731-004720/rpc-sessions
88535 start 1785484412.0262279510 --json surface resume get --workspace 0FBCB01F-BA9C-4FA7-9F2B-B4FDDAC5DA62 --surface 49C5EED7-99F5-4BDB-8FEC-A43C4D0E818A
88535 end 1785484412.0500850677 0 --json surface resume get --workspace 0FBCB01F-BA9C-4FA7-9F2B-B4FDDAC5DA62 --surface 49C5EED7-99F5-4BDB-8FEC-A43C4D0E818A
88545 start 1785484412.0665490627 hooks pi prompt-submit --workspace 0FBCB01F-BA9C-4FA7-9F2B-B4FDDAC5DA62 --surface 49C5EED7-99F5-4BDB-8FEC-A43C4D0E818A
88545 end 1785484412.5218980312 0 hooks pi prompt-submit --workspace 0FBCB01F-BA9C-4FA7-9F2B-B4FDDAC5DA62 --surface 49C5EED7-99F5-4BDB-8FEC-A43C4D0E818A
88783 start 1785484412.5530409813 hooks pi notification --workspace 0FBCB01F-BA9C-4FA7-9F2B-B4FDDAC5DA62 --surface 49C5EED7-99F5-4BDB-8FEC-A43C4D0E818A
88783 end 1785484412.8251121044 0 hooks pi notification --workspace 0FBCB01F-BA9C-4FA7-9F2B-B4FDDAC5DA62 --surface 49C5EED7-99F5-4BDB-8FEC-A43C4D0E818A
88837 start 1785484412.8392419815 hooks pi stop --workspace 0FBCB01F-BA9C-4FA7-9F2B-B4FDDAC5DA62 --surface 49C5EED7-99F5-4BDB-8FEC-A43C4D0E818A
88837 end 1785484413.5399479866 0 hooks pi stop --workspace 0FBCB01F-BA9C-4FA7-9F2B-B4FDDAC5DA62 --surface 49C5EED7-99F5-4BDB-8FEC-A43C4D0E818A
88987 start 1785484413.5559790134 --json surface resume clear --workspace 0FBCB01F-BA9C-4FA7-9F2B-B4FDDAC5DA62 --surface 49C5EED7-99F5-4BDB-8FEC-A43C4D0E818A --checkpoint-id pi-rpc-cmux-only-4 --source agent-hook
88987 end 1785484413.7189109325 0 --json surface resume clear --workspace 0FBCB01F-BA9C-4FA7-9F2B-B4FDDAC5DA62 --surface 49C5EED7-99F5-4BDB-8FEC-A43C4D0E818A --checkpoint-id pi-rpc-cmux-only-4 --source agent-hook
90203 start 1785484417.2714390755 hooks pi session-start --workspace 0FBCB01F-BA9C-4FA7-9F2B-B4FDDAC5DA62 --surface 49C5EED7-99F5-4BDB-8FEC-A43C4D0E818A
90203 end 1785484417.7254250050 0 hooks pi session-start --workspace 0FBCB01F-BA9C-4FA7-9F2B-B4FDDAC5DA62 --surface 49C5EED7-99F5-4BDB-8FEC-A43C4D0E818A
90439 start 1785484417.7412059307 --json surface resume set --workspace 0FBCB01F-BA9C-4FA7-9F2B-B4FDDAC5DA62 --surface 49C5EED7-99F5-4BDB-8FEC-A43C4D0E818A --name Pi --kind pi --checkpoint-id pi-rpc-cmux-only-5 --source agent-hook --cwd /Users/lawrence/fun/cmuxterm-hq/worktrees/feat-pi-extension-lag -- /Users/lawrence/.bun/bin/pi --session pi-rpc-cmux-only-5 -e /Users/lawrence/.pi/agent/extensions/cmux-session.ts --session-dir /Users/lawrence/fun/cmuxterm-hq/worktrees/feat-pi-extension-lag/out/perf-incident-20260731-004720/rpc-sessions
90439 end 1785484417.8682401180 0 --json surface resume set --workspace 0FBCB01F-BA9C-4FA7-9F2B-B4FDDAC5DA62 --surface 49C5EED7-99F5-4BDB-8FEC-A43C4D0E818A --name Pi --kind pi --checkpoint-id pi-rpc-cmux-only-5 --source agent-hook --cwd /Users/lawrence/fun/cmuxterm-hq/worktrees/feat-pi-extension-lag -- /Users/lawrence/.bun/bin/pi --session pi-rpc-cmux-only-5 -e /Users/lawrence/.pi/agent/extensions/cmux-session.ts --session-dir /Users/lawrence/fun/cmuxterm-hq/worktrees/feat-pi-extension-lag/out/perf-incident-20260731-004720/rpc-sessions
90462 start 1785484417.8837010860 --json surface resume get --workspace 0FBCB01F-BA9C-4FA7-9F2B-B4FDDAC5DA62 --surface 49C5EED7-99F5-4BDB-8FEC-A43C4D0E818A
90462 end 1785484417.9919590950 0 --json surface resume get --workspace 0FBCB01F-BA9C-4FA7-9F2B-B4FDDAC5DA62 --surface 49C5EED7-99F5-4BDB-8FEC-A43C4D0E818A
90483 start 1785484418.0088469982 hooks pi prompt-submit --workspace 0FBCB01F-BA9C-4FA7-9F2B-B4FDDAC5DA62 --surface 49C5EED7-99F5-4BDB-8FEC-A43C4D0E818A
90483 end 1785484418.4597730637 0 hooks pi prompt-submit --workspace 0FBCB01F-BA9C-4FA7-9F2B-B4FDDAC5DA62 --surface 49C5EED7-99F5-4BDB-8FEC-A43C4D0E818A
90582 start 1785484418.4914860725 hooks pi notification --workspace 0FBCB01F-BA9C-4FA7-9F2B-B4FDDAC5DA62 --surface 49C5EED7-99F5-4BDB-8FEC-A43C4D0E818A
90582 end 1785484418.7396879196 0 hooks pi notification --workspace 0FBCB01F-BA9C-4FA7-9F2B-B4FDDAC5DA62 --surface 49C5EED7-99F5-4BDB-8FEC-A43C4D0E818A
90624 start 1785484418.7552180290 hooks pi stop --workspace 0FBCB01F-BA9C-4FA7-9F2B-B4FDDAC5DA62 --surface 49C5EED7-99F5-4BDB-8FEC-A43C4D0E818A
90624 end 1785484419.3732531071 0 hooks pi stop --workspace 0FBCB01F-BA9C-4FA7-9F2B-B4FDDAC5DA62 --surface 49C5EED7-99F5-4BDB-8FEC-A43C4D0E818A
90758 start 1785484419.3914849758 --json surface resume clear --workspace 0FBCB01F-BA9C-4FA7-9F2B-B4FDDAC5DA62 --surface 49C5EED7-99F5-4BDB-8FEC-A43C4D0E818A --checkpoint-id pi-rpc-cmux-only-5 --source agent-hook
90758 end 1785484419.4298579693 0 --json surface resume clear --workspace 0FBCB01F-BA9C-4FA7-9F2B-B4FDDAC5DA62 --surface 49C5EED7-99F5-4BDB-8FEC-A43C4D0E818A --checkpoint-id pi-rpc-cmux-only-5 --source agent-hook
